semente 1703 ok (81s)
semente 1701 ok (81s)
semente 1702 ok (85s)
semente 1700 ok (86s)
semente 1706 ok (80s)
semente 1705 ok (84s)
semente 1704 ok (87s)
semente 1707 ok (85s)
semente 1708 ok (82s)
semente 1709 ok (88s)
# E017 - resultados 

10 sementes; grafos por n: {16: 10, 64: 10, 160: 5, 320: 3}; Erdos-Renyi p = 0,5; treino n = 16, 300 iteracoes, progressive loss.

| família | n | braço | acerto IQM [IC95%] | passos |
|---|---|---|---|---|
| BF | 16 | DT | 0.955 [0.936,0.965] | 15.6 |
| BF | 16 | LEI | 0.994 [0.982,0.999] | 5.8 |
| BF | 16 | LEI_B | 0.882 [0.779,0.930] | 5.4 |
| BF | 16 | CONST_B0 | 0.966 [0.952,0.983] | 24.5 |
| BF | 16 | GULOSO | 0.552 [0.528,0.570] | - |
| BF | 64 | DT | 0.802 [0.720,0.840] | 60.3 |
| BF | 64 | LEI | 0.993 [0.982,0.998] | 8.4 |
| BF | 64 | LEI_B | 0.649 [0.485,0.798] | 5.5 |
| BF | 64 | CONST_B0 | 0.696 [0.623,0.764] | 217.5 |
| BF | 64 | GULOSO | 0.511 [0.505,0.521] | - |
| BF | 160 | DT | 0.615 [0.574,0.674] | 446.4 |
| BF | 160 | LEI | 0.993 [0.984,0.998] | 10.2 |
| BF | 160 | LEI_B | 0.443 [0.297,0.604] | 5.2 |
| BF | 160 | CONST_B0 | 0.584 [0.521,0.614] | 640.0 |
| BF | 160 | GULOSO | 0.501 [0.493,0.516] | - |
| BF | 320 | LEI | 0.991 [0.983,0.997] | 12.3 |
| BFS | 16 | DT | 1.000 [1.000,1.000] | 4.1 |
| BFS | 16 | LEI | 1.000 [1.000,1.000] | 7.3 |
| BFS | 16 | GULOSO | 0.344 [0.294,0.371] | - |
| BFS | 64 | DT | 1.000 [1.000,1.000] | 4.0 |
| BFS | 64 | LEI | 1.000 [1.000,1.000] | 6.0 |
| BFS | 64 | GULOSO | 0.251 [0.216,0.279] | - |
| BFS | 160 | DT | 1.000 [1.000,1.000] | 4.0 |
| BFS | 160 | LEI | 1.000 [1.000,1.000] | 5.0 |
| BFS | 160 | GULOSO | 0.256 [0.216,0.303] | - |

- BF DT (log kappa|log beta, a, b, D0, log beta_p): 3.67 0.96 0.02 0.53 3.94; 3.72 1.04 0.04 0.37 3.32; 3.63 0.85 0.03 0.42 3.45; 3.74 0.92 0.03 0.68 3.14; 3.57 0.95 0.00 0.34 3.10; 3.57 1.01 0.02 0.35 3.53; 3.64 0.87 0.03 0.41 3.13; 3.58 1.02 0.02 0.58 3.61; 3.66 0.90 0.03 0.49 3.90; 3.60 0.91 0.01 0.43 3.27
- BF LEI (log kappa|log beta, a, b, D0, log beta_p): 1.49 1.00 0.00 2.93 -0.02; 0.83 1.15 0.00 1.35 -1.12; 0.86 0.99 0.00 2.34 -0.75; 0.88 1.01 0.00 1.00 -1.22; 1.13 1.01 0.00 0.56 -1.20; 1.27 0.97 0.00 0.88 -0.36; 1.11 1.03 0.00 1.23 -0.75; 1.30 0.99 0.00 0.62 -1.11; 0.94 1.00 0.00 0.80 -0.89; 0.98 1.04 0.00 0.62 -0.65
- BF LEI_B (log kappa|log beta, a, b, D0, log beta_p): 0.65 0.47 0.29 0.47 -3.63; 0.67 1.00 0.05 0.43 -2.63; 1.26 0.98 0.07 0.43 -2.52; 0.59 0.43 0.32 0.15 -5.49; 0.81 0.91 0.06 0.81 -3.86; 0.70 0.67 0.02 0.44 -3.15; 0.76 0.85 0.02 0.32 -2.80; 1.27 0.98 0.17 0.30 -3.06; 1.18 1.05 0.00 0.48 -1.93; 0.89 0.88 0.03 0.47 -1.79
- BF CONST_B0 (log kappa|log beta, a, b, D0, log beta_p): 4.52 1.02 0.00 0.39 3.77; 4.68 0.94 0.00 0.39 3.58; 4.77 1.04 0.00 0.53 3.62; 4.71 1.09 0.00 0.75 4.49; 4.63 1.03 0.00 0.88 3.76; 4.44 1.06 0.00 0.72 3.76; 4.60 1.06 0.00 0.54 3.69; 4.88 1.01 0.00 0.53 3.81; 4.56 1.07 0.00 0.60 3.81; 4.46 1.00 0.00 0.43 3.47
- BFS DT (log kappa|log beta, a, b, D0, log beta_p): 1.68 1.66 1.16 3.85 1.26; 1.67 1.66 1.16 3.99 1.26; 1.65 1.65 1.15 3.95 1.25; 1.71 1.72 1.22 4.18 1.23; 1.67 1.63 1.13 4.22 1.37; 1.67 1.64 1.14 4.42 1.31; 1.71 1.68 1.18 4.01 1.30; 1.65 1.60 1.10 3.99 1.36; 1.67 1.64 1.14 3.93 1.35; 1.68 1.68 1.18 4.02 1.27
- BFS LEI (log kappa|log beta, a, b, D0, log beta_p): 0.78 1.39 0.00 5.42 1.39; 0.78 1.41 0.00 5.77 1.54; 0.76 1.39 0.00 6.15 1.36; 0.81 1.32 0.00 5.11 1.52; 0.76 1.49 0.00 4.85 1.25; 0.81 1.31 0.00 5.34 1.59; 0.77 1.49 0.00 5.16 1.45; 0.76 1.40 0.00 5.01 1.34; 0.78 1.41 0.00 5.63 1.43; 0.76 1.47 0.00 5.13 1.31

## Checagem das previsões

- P1 BF OK: LEI em n=160 IQM >= 0,95: 0.993 (IC inf 0.984)
- P2 BF OK: LEI > DT em n=160 (permutacao p < 0,05): 0.993 vs 0.615; p = 0.0002; P(LEI>DT) = 1.00
- P1 BFS OK: LEI em n=160 IQM >= 0,95: 1.000 (IC inf 1.000)
- P2 BFS FALHOU: LEI > DT em n=160 (permutacao p < 0,05): 1.000 vs 1.000; p = 1.0000; P(LEI>DT) = 0.50
- P3 OK: CONST_B0 em n=160 <= 0,90: 0.584
- P4 OK: LEI_B < LEI - 0,03 em n=160: 0.443 vs 0.993
- P5 OK: LEI em n=320 >= 0,95: 0.991
- CPU total: 840s
